// Jest Snapshot v1, https://goo.gl/fbAQLP

exports[`<LetterRow /> matches the snapshot 1`] = `
Array [
  <Connect(DragSource(DropTarget(DraggableTile)))
    index={0}
    isValid={true}
    key="0"
    letter="p"
    parent="randomLetters"
    string="pizzazz"
  />,
  <Connect(DragSource(DropTarget(DraggableTile)))
    index={1}
    isValid={true}
    key="1"
    letter="i"
    parent="randomLetters"
    string="pizzazz"
  />,
  <Connect(DragSource(DropTarget(DraggableTile)))
    index={2}
    isValid={true}
    key="2"
    letter="z"
    parent="randomLetters"
    string="pizzazz"
  />,
  <Connect(DragSource(DropTarget(DraggableTile)))
    index={3}
    isValid={true}
    key="3"
    letter="z"
    parent="randomLetters"
    string="pizzazz"
  />,
  <Connect(DragSource(DropTarget(DraggableTile)))
    index={4}
    isValid={true}
    key="4"
    letter="a"
    parent="randomLetters"
    string="pizzazz"
  />,
  <Connect(DragSource(DropTarget(DraggableTile)))
    index={5}
    isValid={true}
    key="5"
    letter="z"
    parent="randomLetters"
    string="pizzazz"
  />,
  <Connect(DragSource(DropTarget(DraggableTile)))
    index={6}
    isValid={true}
    key="6"
    letter="z"
    parent="randomLetters"
    string="pizzazz"
  />,
]
`;
