// Jest Snapshot v1, https://goo.gl/fbAQLP

exports[`<ScreenName /> matches the snapshot 1`] = `
<styled.div>
  <styled.form
    autoComplete="off"
    id="screenName"
    name="screenName"
    onSubmit={[Function]}
  >
    <styled.label
      htmlFor="enter-screen-name"
    >
      Enter screen name
    </styled.label>
    <styled.div>
      <Styled(styled.input)
        autoFocus={true}
        id="enter-screen-name"
        name="screenName"
        onChange={[Function]}
        placeholder="Enter screen name to start"
        type="text"
      />
      <Styled(Styled(styled.input))
        type="submit"
        value="Go"
      />
    </styled.div>
  </styled.form>
</styled.div>
`;
