// Jest Snapshot v1, https://goo.gl/fbAQLP

exports[`<ScrabbleTileStyled /> matches the snapshot 1`] = `
ShallowWrapper {
  Symbol(enzyme.__root__): [Circular],
  Symbol(enzyme.__unrendered__): <ForwardRef
    isValid={false}
    letter="e"
  />,
  Symbol(enzyme.__renderer__): Object {
    "batchedUpdates": [Function],
    "getNode": [Function],
    "render": [Function],
    "simulateError": [Function],
    "simulateEvent": [Function],
    "unmount": [Function],
  },
  Symbol(enzyme.__node__): Object {
    "instance": null,
    "key": undefined,
    "nodeType": "class",
    "props": Object {
      "forwardedComponent": Object {
        "$$typeof": Symbol(react.forward_ref),
        "attrs": Array [],
        "componentStyle": ComponentStyle {
          "componentId": "sc-bwzfXH",
          "isStatic": false,
          "lastClassName": "kCqDVu",
          "rules": Array [
            "
  opacity: ",
            [Function],
            ";
  user-select: none;
  border: 1px solid ",
            "#CED4DA",
            ";
  border-radius: 0.5vw;
  color: ",
            [Function],
            ";
  background-color: ",
            [Function],
            ";
  font-weight: 400;
  font-size: 8vw;
  text-align: center;
  line-height: 12.2vw;
  box-shadow: ",
            "1.8px 2.4px 1.8px rgba(0, 0, 0, 0.05)",
            ";
  @media screen and (min-width: 501px) {
      font-size: 40px;
      line-height: 65px;
      border-radius: 4px;
  }
",
          ],
        },
        "displayName": "styled.div",
        "foldedComponentIds": Array [],
        "render": [Function],
        "styledComponentId": "sc-bwzfXH",
        "target": "div",
        "toString": [Function],
        "warnTooManyClasses": [Function],
        "withComponent": [Function],
      },
      "forwardedRef": null,
      "isValid": false,
      "letter": "e",
    },
    "ref": null,
    "rendered": null,
    "type": [Function],
  },
  Symbol(enzyme.__nodes__): Array [
    Object {
      "instance": null,
      "key": undefined,
      "nodeType": "class",
      "props": Object {
        "forwardedComponent": Object {
          "$$typeof": Symbol(react.forward_ref),
          "attrs": Array [],
          "componentStyle": ComponentStyle {
            "componentId": "sc-bwzfXH",
            "isStatic": false,
            "lastClassName": "kCqDVu",
            "rules": Array [
              "
  opacity: ",
              [Function],
              ";
  user-select: none;
  border: 1px solid ",
              "#CED4DA",
              ";
  border-radius: 0.5vw;
  color: ",
              [Function],
              ";
  background-color: ",
              [Function],
              ";
  font-weight: 400;
  font-size: 8vw;
  text-align: center;
  line-height: 12.2vw;
  box-shadow: ",
              "1.8px 2.4px 1.8px rgba(0, 0, 0, 0.05)",
              ";
  @media screen and (min-width: 501px) {
      font-size: 40px;
      line-height: 65px;
      border-radius: 4px;
  }
",
            ],
          },
          "displayName": "styled.div",
          "foldedComponentIds": Array [],
          "render": [Function],
          "styledComponentId": "sc-bwzfXH",
          "target": "div",
          "toString": [Function],
          "warnTooManyClasses": [Function],
          "withComponent": [Function],
        },
        "forwardedRef": null,
        "isValid": false,
        "letter": "e",
      },
      "ref": null,
      "rendered": null,
      "type": [Function],
    },
  ],
  Symbol(enzyme.__options__): Object {
    "adapter": ReactSixteenAdapter {
      "options": Object {
        "enableComponentDidUpdateOnSetState": true,
        "lifecycles": Object {
          "componentDidUpdate": Object {
            "onSetState": true,
          },
          "getDerivedStateFromProps": true,
          "getSnapshotBeforeUpdate": true,
          "setState": Object {
            "skipsComponentDidUpdateOnNullish": true,
          },
        },
      },
    },
  },
}
`;
